==============================================================================
Suites                                                                        
==============================================================================
Suites.FirstTest :: My first tests file                                       
==============================================================================
My Eleventh Test Case                                                 | PASS |
------------------------------------------------------------------------------
Suites.FirstTest :: My first tests file                               | PASS |
1 test, 1 passed, 0 failed
==============================================================================
Suites                                                                | PASS |
1 test, 1 passed, 0 failed
==============================================================================
Output:  C:\Users\91836\PycharmProjects\PlaywrightProject\Test\report\pabot_results\0\output.xml
